▶ AI profile catalog parity (server ⇄ client)
  ✔ committed catalog matches the freshly-derived client data (44.6325ms)
  ✔ the derivation is deterministic (no random rule ids leaked into the mirror) (57.8346ms)
  ✔ covers the AI ids the generic AI fight actually uses (0.2861ms)
  ✔ every profile is combat-usable (finite HP, a level, non-empty stats) (0.4826ms)
  ✔ every mirrored jutsu id resolves in the server jutsu catalog (0.3902ms)
  ✔ every mirrored rule program passes the server authoring validator (3.7438ms)
  ✔ builtinAiProfile rejects unknown and malformed ids (0.2259ms)
✔ AI profile catalog parity (server ⇄ client) (109.4803ms)
✔ SERVER_ARENA_PETS matches client genericPetArenaOpponents (element + stats) (1.903ms)
✔ reward re-sim winner === the client's fight for every AI opponent (19168.4038ms)
▶ jutsu catalog parity (server ⇄ client)
  ✔ committed catalog matches the freshly-derived client data (161.1174ms)
  ✔ contains every built-in starter + bloodline jutsu (0.2805ms)
✔ jutsu catalog parity (server ⇄ client) (162.7024ms)
▶ Express route parity (Railway + cPanel)
  ✔ registers the explicit handler list once, after restart and before static serving (6.2399ms)
  ✔ registers every /api endpoint the client calls (3895.5782ms)
  ✔ parsed a sane number of client endpoints (scan did not silently break) (19348.4766ms)
  ✔ mounts the dynamic param routes with all HTTP methods (0.4883ms)
  ✔ serves canonical SEO files and wires duplicate-domain redirects before SPA fallback (0.6455ms)
  ✔ 404s missing static asset URLs before the SPA fallback (0.3986ms)
  ✔ returns non-cacheable JSON 404s for unknown API routes before the SPA fallback (0.2823ms)
✔ Express route parity (Railway + cPanel) (23254.5088ms)
▶ handler wiring (no orphaned endpoints)
  ✔ imports every api/ HTTP handler file in server-api-routes.ts (5.0778ms)
  ✔ enumerated the api/ handler files (filesystem scan did not silently break) (0.2919ms)
  ✔ registers (not just imports) every api/ HTTP handler in server-api-routes.ts (236.4238ms)
✔ handler wiring (no orphaned endpoints) (242.1956ms)
▶ release operations wiring
  ✔ reports an immutable deployment SHA from platform/build metadata (0.5289ms)
  ✔ drains normal platform termination signals (0.289ms)
  ✔ protects and coalesces the storage-mutating deep health probe (0.2784ms)
✔ release operations wiring (11.7157ms)
▶ android asset links
  ✔ caches for minutes, not an hour — the upstream cache cannot be purged (0.5301ms)
  ✔ answers 404 rather than an empty statement list when unconfigured (0.6818ms)
✔ android asset links (1.6158ms)
✔ missionAiLevelAndBonus tracks the player's level above the rank floor (1.2815ms)
✔ mission AI level never drops below the rank's min, and bonus scales by rank (0.2517ms)
✔ mission AI carries an HP floor so low-level foes aren't one-tapped (0.2289ms)
✔ E-Rank Drill is the gentlest mission: min 1, no stat bonus, low HP floor, no-sustain AI (0.3076ms)
✔ every combat mission's AI id resolves to a real builtin (0.2542ms)
✔ ranked combat contracts name a repeatable need and truthful closure (0.4118ms)
✔ relevelBuiltinAi lowers a builtin to the player's level without mutating the catalog (1.3523ms)
✔ relevelBuiltinAi HP floor lifts low-level foes but is a no-op when natural HP is higher (0.6179ms)
✔ relevelBuiltinAi clamps junk levels into range (0.7708ms)
✔ spar: a distant novice learns Move first, then the actual Attack control (1.9621ms)
✔ spar: after the first Attack the band names the 60 AP commitment, then AP running out (1.1225ms)
✔ every line fits its surface: one 10px phone band line, a three-line bubble (64.128ms)
✔ spar: unavailable actions never override turn or AP guidance, and victory silences it (0.2704ms)
✔ drill: round one explains range, and the hex bubble fires once in the companion's voice (0.4076ms)
✔ drill: nothing is said off-turn, and the band goes quiet once the player has cast (0.1573ms)
✔ drill: after a heavy cast leaves exactly the cheap technique's AP, the band says it fits (0.2475ms)
✔ story: the braced guardian gets exactly three light cut-ins, in order, once each (0.2911ms)
✔ errand: the poison line is honest about the choice and the second only fires after a taxed heavy cast (0.2776ms)
✔ who gets coached: first meeting only, Academy rank only, chapter one only (0.8083ms)
✔ the queue client publishes the exact server run authority (2.0035ms)
✔ the sealed mission screen parks before sending and removes only after a decision (1.5954ms)
✔ queued:false remains retryable unless the exact run is definitively invalid (0.395ms)
✔ App quarantines the legacy local-Arena claim callback and fences outbox snapshots (2.1185ms)
▶ Academy starter gear step
  ✔ waits for both starter equipment slots (1.6844ms)
  ✔ counts only the named Academy starter pieces (0.1987ms)
✔ Academy starter gear step (4.1737ms)
▶ Academy jutsu steps
  ✔ does not count the four automatically learned bloodline jutsu as new training (0.3919ms)
  ✔ advances after the player learns a non-bloodline jutsu (0.1884ms)
  ✔ requires four equipped jutsu before the loadout step completes (0.1933ms)
✔ Academy jutsu steps (1.0381ms)
▶ Academy wayfinding ownership
  ✔ keeps the generic next-goal pin hidden until the companion tutorial ends (0.2199ms)
✔ Academy wayfinding ownership (0.3545ms)
✔ mission fight reserves a row for its action notice instead of displacing the board (3.8182ms)
✔ the enemy HP badge clears the AI's full-body sprite instead of its face (0.5387ms)
✔ the mission summon command contains its icon and long lock copy (121.9101ms)
✔ the enemy sprite faces its nearest living opponent without moving its anchor (0.906ms)
✔ PvE enemy movement replays every server-authored tile instead of teleporting (0.4074ms)
✔ mission jutsu cards expose the same accessible detail dialog as PvP (1.6624ms)
✔ every combat jutsu dialog fills battle tokens instead of printing the description raw (4.7894ms)
✔ PvE telegraphs where a tile-targeted cast lands and what it catches (4.797ms)
✔ soft action rejections retain Solo and Tower targeting selection (12.5752ms)
✔ Solo and Tower mirror PvP's legacy self-buff targeting classifier (1.2564ms)
✔ Solo and Tower submit highlighted movement-jutsu tiles through the jutsu path (0.3767ms)
✔ Tower keeps target guidance non-visual and disables off-turn actions semantically (0.9895ms)
✔ combat detail focus never scrolls the contained action tray (0.3394ms)
✔ mission desktop restores the dossier-board-dossier composition and full-width battlefield (7.532ms)
✔ every live shinobi fight uses the shared viewport-level combat instance (22.648ms)
✔ all three combat stylesheets share one mobile/desktop boundary (0.6487ms)
✔ both shell fights merge commands and loadout into one phone action tray (0.6102ms)
✔ the action tray is inert outside phone portrait and the sole scrollport inside it (1.7473ms)
✔ the compact command chip keeps its cost readable and its full copy announced (2.2267ms)
ℹ tests 74
ℹ suites 9
ℹ pass 74
ℹ fail 0
ℹ cancelled 0
ℹ skipped 0
ℹ todo 0
ℹ duration_ms 47118.8518
