
> shinobij.client@0.0.0 lint
> eslint .


C:\Users\Tyler R\source\repos\NinjaK\.worktrees\authored-missions-live-20260918\shinobij.client\src\cardpreview.tsx
  25:10  warning  Fast refresh only works when a file has exports. Move your component(s) to a separate file  react-refresh/only-export-components

C:\Users\Tyler R\source\repos\NinjaK\.worktrees\authored-missions-live-20260918\shinobij.client\src\chroniclepreview.tsx
  140:10  warning  Fast refresh only works when a file has exports. Move your component(s) to a separate file  react-refresh/only-export-components

C:\Users\Tyler R\source\repos\NinjaK\.worktrees\authored-missions-live-20260918\shinobij.client\src\components\PetWarfrontRiteStage.tsx
  157:23  warning  Fast refresh only works when a file only exports components. Use a new file to share constants or functions between components  react-refresh/only-export-components

C:\Users\Tyler R\source\repos\NinjaK\.worktrees\authored-missions-live-20260918\shinobij.client\src\components\PetWarfrontRiteStage3D.tsx
  235:23  warning  Fast refresh only works when a file only exports components. Use a new file to share constants or functions between components                                                                                                                                       react-refresh/only-export-components
  623:32  warning  The ref value 'generation.current' will likely have changed by the time this effect cleanup function runs. If this ref points to a node rendered by React, copy 'generation.current' to a variable inside the effect, and use that variable in the cleanup function  react-hooks/exhaustive-deps

C:\Users\Tyler R\source\repos\NinjaK\.worktrees\authored-missions-live-20260918\shinobij.client\src\components\PetWarfrontSkinnedModel3D.tsx
  55:23  warning  Fast refresh only works when a file only exports components. Use a new file to share constants or functions between components  react-refresh/only-export-components
  59:17  warning  Fast refresh only works when a file only exports components. Use a new file to share constants or functions between components  react-refresh/only-export-components

C:\Users\Tyler R\source\repos\NinjaK\.worktrees\authored-missions-live-20260918\shinobij.client\src\dojo-circuit-qa.tsx
  18:10  warning  Fast refresh only works when a file has exports. Move your component(s) to a separate file  react-refresh/only-export-components

C:\Users\Tyler R\source\repos\NinjaK\.worktrees\authored-missions-live-20260918\shinobij.client\src\features\dojo-circuit\useCircuit.ts
  18:164  warning  The ref value 'generation.current' will likely have changed by the time this effect cleanup function runs. If this ref points to a node rendered by React, copy 'generation.current' to a variable inside the effect, and use that variable in the cleanup function  react-hooks/exhaustive-deps

C:\Users\Tyler R\source\repos\NinjaK\.worktrees\authored-missions-live-20260918\shinobij.client\src\petvfx-legacy.tsx
  58:10  warning  Fast refresh only works when a file has exports. Move your component(s) to a separate file  react-refresh/only-export-components

C:\Users\Tyler R\source\repos\NinjaK\.worktrees\authored-missions-live-20260918\shinobij.client\src\petvfx-rite.tsx
  12:10  warning  Fast refresh only works when a file has exports. Move your component(s) to a separate file  react-refresh/only-export-components

C:\Users\Tyler R\source\repos\NinjaK\.worktrees\authored-missions-live-20260918\shinobij.client\src\screens\Training.tsx
  10:1  warning  Unused eslint-disable directive (no problems were reported from 'react-hooks/purity')

C:\Users\Tyler R\source\repos\NinjaK\.worktrees\authored-missions-live-20260918\shinobij.client\src\warfront-ladder-qa.tsx
   7:7   warning  Fast refresh only works when a file has exports. Move your component(s) to a separate file  react-refresh/only-export-components
  24:10  warning  Fast refresh only works when a file has exports. Move your component(s) to a separate file  react-refresh/only-export-components

✖ 14 problems (0 errors, 14 warnings)
  0 errors and 1 warning potentially fixable with the `--fix` option.
